<?xml version="1.0" encoding="UTF-8"?>
<testsuites name="jest tests" tests="11" failures="0" errors="0" time="1.798">
  <testsuite name="undefined" errors="0" failures="0" skipped="0" timestamp="2023-01-08T06:16:01" time="0.998" tests="4">
    <testcase classname=" HTML SOURCE CODE" name=" HTML SOURCE CODE" time="0.016">
    </testcase>
    <testcase classname=" UI ===&gt; check TITLE is &apos;My Todo List&apos;" name=" UI ===&gt; check TITLE is &apos;My Todo List&apos;" time="0.008">
    </testcase>
    <testcase classname=" UI ===&gt; check Todo input: name, priority, and submit button" name=" UI ===&gt; check Todo input: name, priority, and submit button" time="0.003">
    </testcase>
    <testcase classname=" UI ===&gt; check TodoItem OPeration Button" name=" UI ===&gt; check TodoItem OPeration Button" time="0.006">
    </testcase>
  </testsuite>
  <testsuite name="AddTodo Component" errors="0" failures="0" skipped="0" timestamp="2023-01-08T06:16:01" time="1.006" tests="7">
    <testcase classname="AddTodo Component should function postTodo work?" name="AddTodo Component should function postTodo work?" time="0.018">
    </testcase>
    <testcase classname="TodoItem Component should function patchTodo work?" name="TodoItem Component should function patchTodo work?" time="0.003">
    </testcase>
    <testcase classname="TodoItem Component should function patchEdit work?" name="TodoItem Component should function patchEdit work?" time="0.002">
    </testcase>
    <testcase classname="TodoItem Component should function deleteTodo work?" name="TodoItem Component should function deleteTodo work?" time="0.003">
    </testcase>
    <testcase classname="App Component should function postTodo show message when api fails" name="App Component should function postTodo show message when api fails" time="0.005">
    </testcase>
    <testcase classname="App Component should function sortTasksByPriority work?" name="App Component should function sortTasksByPriority work?" time="0.003">
    </testcase>
    <testcase classname="App Component should function sortTasksByTime work?" name="App Component should function sortTasksByTime work?" time="0.003">
    </testcase>
  </testsuite>
</testsuites>